[13:06:22] =====================================================
[13:06:22]  Starting Cybersecurity Experiment Framework 
[13:06:22] =====================================================
[13:06:22] Preparing to execute Replay Experiment...
[13:06:22] [ReplayExperiment] Initializing...
[13:06:22] Initializing ReplayExperiment...
[13:06:22] [ReplayExperiment] Injecting Attack Label to Edge Node IPC...
[13:06:22] IPC Label successfully set to: 'ReplayExperiment'
[13:06:22] [ReplayExperiment] Running experiment logic...
[13:06:22] Running ReplayExperiment...
[13:06:22] Simulating replay activity for 5 seconds...
[13:06:27] Replay simulation completed successfully.
[13:06:27] [ReplayExperiment] Reverting Attack Label to 'Normal'...
[13:06:27] IPC Label successfully set to: 'Normal'
[13:06:27] [ReplayExperiment] Cleaning up...
[13:06:27] Cleaning up ReplayExperiment...
[13:06:27] [ReplayExperiment] Synchronizing Datasets...
[13:06:27] Syncing datasets to archive: results\Replay_1786433787
[13:06:27]  -> Synced cyber_data.csv
[13:06:27]  -> Synced physical_data.csv
[13:06:27] Dataset synchronization complete. 2 files archived.
[13:06:27] [ReplayExperiment] Lifecycle complete.
[13:23:50] =====================================================
[13:23:50]  Starting Cybersecurity Experiment Framework 
[13:23:50] =====================================================
[13:23:50] Preparing to execute Replay Experiment...
[13:23:50] [ReplayExperiment] Initializing...
[13:23:50] [ReplayExperiment] Experiment initialized.
[13:23:50] [ReplayExperiment] Injecting Attack Label to Edge Node IPC...
[13:23:50] IPC Label successfully set to: 'ReplayExperiment'
[13:23:50] [ReplayExperiment] Running experiment logic...
[13:23:50] [ReplayExperiment] Experiment started.
[13:23:50] [ReplayExperiment] Experiment completed.
[13:23:50] [ReplayExperiment] Reverting Attack Label to 'Normal'...
[13:23:50] IPC Label successfully set to: 'Normal'
[13:23:50] [ReplayExperiment] Cleaning up...
[13:23:50] [ReplayExperiment] Experiment cleaned up.
[13:23:50] [ReplayExperiment] Synchronizing Datasets...
[13:23:50] Syncing datasets to archive: results\Replay_1786434830
[13:23:50]  -> Synced cyber_data.csv
[13:23:50]  -> Synced physical_data.csv
[13:23:50] Dataset synchronization complete. 2 files archived.
[13:23:50] [ReplayExperiment] Lifecycle complete.
[13:23:51] =====================================================
[13:23:51]  Starting Cybersecurity Experiment Framework 
[13:23:51] =====================================================
[13:23:51] Preparing to execute Flooding Experiment...
[13:23:51] [FloodingExperiment] Initializing...
[13:23:51] [FloodingExperiment] Experiment initialized.
[13:23:51] [FloodingExperiment] Injecting Attack Label to Edge Node IPC...
[13:23:51] IPC Label successfully set to: 'FloodingExperiment'
[13:23:51] [FloodingExperiment] Running experiment logic...
[13:23:51] [FloodingExperiment] Experiment started.
[13:23:51] [FloodingExperiment] Experiment completed.
[13:23:51] [FloodingExperiment] Reverting Attack Label to 'Normal'...
[13:23:51] IPC Label successfully set to: 'Normal'
[13:23:51] [FloodingExperiment] Cleaning up...
[13:23:51] [FloodingExperiment] Experiment cleaned up.
[13:23:51] [FloodingExperiment] Synchronizing Datasets...
[13:23:51] Syncing datasets to archive: results\Flooding_1786434831
[13:23:51]  -> Synced cyber_data.csv
[13:23:51]  -> Synced physical_data.csv
[13:23:51] Dataset synchronization complete. 2 files archived.
[13:23:51] [FloodingExperiment] Lifecycle complete.
[13:23:51] =====================================================
[13:23:51]  Starting Cybersecurity Experiment Framework 
[13:23:51] =====================================================
[13:23:51] Preparing to execute SlowDoS Experiment...
[13:23:51] [SlowDoSExperiment] Initializing...
[13:23:51] [SlowDoSExperiment] Experiment initialized.
[13:23:51] [SlowDoSExperiment] Injecting Attack Label to Edge Node IPC...
[13:23:51] IPC Label successfully set to: 'SlowDoSExperiment'
[13:23:51] [SlowDoSExperiment] Running experiment logic...
[13:23:51] [SlowDoSExperiment] Experiment started.
[13:23:51] [SlowDoSExperiment] Experiment completed.
[13:23:51] [SlowDoSExperiment] Reverting Attack Label to 'Normal'...
[13:23:51] IPC Label successfully set to: 'Normal'
[13:23:51] [SlowDoSExperiment] Cleaning up...
[13:23:51] [SlowDoSExperiment] Experiment cleaned up.
[13:23:51] [SlowDoSExperiment] Synchronizing Datasets...
[13:23:51] Syncing datasets to archive: results\SlowDoS_1786434831
[13:23:51]  -> Synced cyber_data.csv
[13:23:51]  -> Synced physical_data.csv
[13:23:51] Dataset synchronization complete. 2 files archived.
[13:23:51] [SlowDoSExperiment] Lifecycle complete.
[13:23:51] =====================================================
[13:23:51]  Starting Cybersecurity Experiment Framework 
[13:23:51] =====================================================
[13:23:51] Preparing to execute PacketInjection Experiment...
[13:23:51] [PacketInjectionExperiment] Initializing...
[13:23:51] [PacketInjectionExperiment] Experiment initialized.
[13:23:51] [PacketInjectionExperiment] Injecting Attack Label to Edge Node IPC...
[13:23:51] IPC Label successfully set to: 'PacketInjectionExperiment'
[13:23:51] [PacketInjectionExperiment] Running experiment logic...
[13:23:51] [PacketInjectionExperiment] Experiment started.
[13:23:51] [PacketInjectionExperiment] Experiment completed.
[13:23:51] [PacketInjectionExperiment] Reverting Attack Label to 'Normal'...
[13:23:51] IPC Label successfully set to: 'Normal'
[13:23:51] [PacketInjectionExperiment] Cleaning up...
[13:23:51] [PacketInjectionExperiment] Experiment cleaned up.
[13:23:51] [PacketInjectionExperiment] Synchronizing Datasets...
[13:23:51] Syncing datasets to archive: results\PacketInjection_1786434831
[13:23:51]  -> Synced cyber_data.csv
[13:23:51]  -> Synced physical_data.csv
[13:23:51] Dataset synchronization complete. 2 files archived.
[13:23:51] [PacketInjectionExperiment] Lifecycle complete.
[13:23:51] =====================================================
[13:23:51]  Starting Cybersecurity Experiment Framework 
[13:23:51] =====================================================
[13:23:51] Preparing to execute PacketLoss Experiment...
[13:23:51] [PacketLossExperiment] Initializing...
[13:23:51] [PacketLossExperiment] Experiment initialized.
[13:23:51] [PacketLossExperiment] Injecting Attack Label to Edge Node IPC...
[13:23:51] IPC Label successfully set to: 'PacketLossExperiment'
[13:23:51] [PacketLossExperiment] Running experiment logic...
[13:23:51] [PacketLossExperiment] Experiment started.
[13:23:51] [PacketLossExperiment] Experiment completed.
[13:23:51] [PacketLossExperiment] Reverting Attack Label to 'Normal'...
[13:23:51] IPC Label successfully set to: 'Normal'
[13:23:51] [PacketLossExperiment] Cleaning up...
[13:23:51] [PacketLossExperiment] Experiment cleaned up.
[13:23:51] [PacketLossExperiment] Synchronizing Datasets...
[13:23:51] Syncing datasets to archive: results\PacketLoss_1786434831
[13:23:51]  -> Synced cyber_data.csv
[13:23:52]  -> Synced physical_data.csv
[13:23:52] Dataset synchronization complete. 2 files archived.
[13:23:52] [PacketLossExperiment] Lifecycle complete.
[13:23:52] =====================================================
[13:23:52]  Starting Cybersecurity Experiment Framework 
[13:23:52] =====================================================
[13:23:52] Preparing to execute DuplicatePacket Experiment...
[13:23:52] [DuplicatePacketExperiment] Initializing...
[13:23:52] [DuplicatePacketExperiment] Experiment initialized.
[13:23:52] [DuplicatePacketExperiment] Injecting Attack Label to Edge Node IPC...
[13:23:52] IPC Label successfully set to: 'DuplicatePacketExperiment'
[13:23:52] [DuplicatePacketExperiment] Running experiment logic...
[13:23:52] [DuplicatePacketExperiment] Experiment started.
[13:23:52] [DuplicatePacketExperiment] Experiment completed.
[13:23:52] [DuplicatePacketExperiment] Reverting Attack Label to 'Normal'...
[13:23:52] IPC Label successfully set to: 'Normal'
[13:23:52] [DuplicatePacketExperiment] Cleaning up...
[13:23:52] [DuplicatePacketExperiment] Experiment cleaned up.
[13:23:52] [DuplicatePacketExperiment] Synchronizing Datasets...
[13:23:52] Syncing datasets to archive: results\DuplicatePacket_1786434832
[13:23:52]  -> Synced cyber_data.csv
[13:23:52]  -> Synced physical_data.csv
[13:23:52] Dataset synchronization complete. 2 files archived.
[13:23:52] [DuplicatePacketExperiment] Lifecycle complete.
[13:23:52] =====================================================
[13:23:52]  Starting Cybersecurity Experiment Framework 
[13:23:52] =====================================================
[13:23:52] Preparing to execute Delay Experiment...
[13:23:52] [DelayExperiment] Initializing...
[13:23:52] [DelayExperiment] Experiment initialized.
[13:23:52] [DelayExperiment] Injecting Attack Label to Edge Node IPC...
[13:23:52] IPC Label successfully set to: 'DelayExperiment'
[13:23:52] [DelayExperiment] Running experiment logic...
[13:23:52] [DelayExperiment] Experiment started.
[13:23:52] [DelayExperiment] Experiment completed.
[13:23:52] [DelayExperiment] Reverting Attack Label to 'Normal'...
[13:23:52] IPC Label successfully set to: 'Normal'
[13:23:52] [DelayExperiment] Cleaning up...
[13:23:52] [DelayExperiment] Experiment cleaned up.
[13:23:52] [DelayExperiment] Synchronizing Datasets...
[13:23:52] Syncing datasets to archive: results\Delay_1786434832
[13:23:52]  -> Synced cyber_data.csv
[13:23:52]  -> Synced physical_data.csv
[13:23:52] Dataset synchronization complete. 2 files archived.
[13:23:52] [DelayExperiment] Lifecycle complete.
[13:23:52] =====================================================
[13:23:52]  Starting Cybersecurity Experiment Framework 
[13:23:52] =====================================================
[13:23:52] Preparing to execute ConnectionReset Experiment...
[13:23:52] [ConnectionResetExperiment] Initializing...
[13:23:52] [ConnectionResetExperiment] Experiment initialized.
[13:23:52] [ConnectionResetExperiment] Injecting Attack Label to Edge Node IPC...
[13:23:52] IPC Label successfully set to: 'ConnectionResetExperiment'
[13:23:52] [ConnectionResetExperiment] Running experiment logic...
[13:23:52] [ConnectionResetExperiment] Experiment started.
[13:23:52] [ConnectionResetExperiment] Experiment completed.
[13:23:52] [ConnectionResetExperiment] Reverting Attack Label to 'Normal'...
[13:23:52] IPC Label successfully set to: 'Normal'
[13:23:52] [ConnectionResetExperiment] Cleaning up...
[13:23:52] [ConnectionResetExperiment] Experiment cleaned up.
[13:23:52] [ConnectionResetExperiment] Synchronizing Datasets...
[13:23:52] Syncing datasets to archive: results\ConnectionReset_1786434832
[13:23:52]  -> Synced cyber_data.csv
[13:23:52]  -> Synced physical_data.csv
[13:23:52] Dataset synchronization complete. 2 files archived.
[13:23:52] [ConnectionResetExperiment] Lifecycle complete.
[13:24:11] =====================================================
[13:24:11]  Starting Cybersecurity Experiment Framework 
[13:24:11] =====================================================
[13:24:11] Preparing to execute Replay Experiment...
[13:24:11] [ReplayExperiment] Initializing...
[13:24:11] [ReplayExperiment] Experiment initialized.
[13:24:11] [ReplayExperiment] Injecting Attack Label to Edge Node IPC...
[13:24:11] IPC Label successfully set to: 'ReplayExperiment'
[13:24:11] [ReplayExperiment] Running experiment logic...
[13:24:11] [ReplayExperiment] Experiment started.
[13:24:11] [ReplayExperiment] Experiment completed.
[13:24:11] [ReplayExperiment] Reverting Attack Label to 'Normal'...
[13:24:11] IPC Label successfully set to: 'Normal'
[13:24:11] [ReplayExperiment] Cleaning up...
[13:24:11] [ReplayExperiment] Experiment cleaned up.
[13:24:11] [ReplayExperiment] Synchronizing Datasets...
[13:24:11] Syncing datasets to archive: results\Replay_1786434851
[13:24:11]  -> Synced cyber_data.csv
[13:24:11]  -> Synced physical_data.csv
[13:24:11] Dataset synchronization complete. 2 files archived.
[13:24:11] [ReplayExperiment] Lifecycle complete.
[13:24:11] =====================================================
[13:24:11]  Starting Cybersecurity Experiment Framework 
[13:24:11] =====================================================
[13:24:11] Preparing to execute Flooding Experiment...
[13:24:11] [FloodingExperiment] Initializing...
[13:24:11] [FloodingExperiment] Experiment initialized.
[13:24:11] [FloodingExperiment] Injecting Attack Label to Edge Node IPC...
[13:24:11] IPC Label successfully set to: 'FloodingExperiment'
[13:24:11] [FloodingExperiment] Running experiment logic...
[13:24:11] [FloodingExperiment] Experiment started.
[13:24:11] [FloodingExperiment] Experiment completed.
[13:24:11] [FloodingExperiment] Reverting Attack Label to 'Normal'...
[13:24:11] IPC Label successfully set to: 'Normal'
[13:24:11] [FloodingExperiment] Cleaning up...
[13:24:11] [FloodingExperiment] Experiment cleaned up.
[13:24:11] [FloodingExperiment] Synchronizing Datasets...
[13:24:11] Syncing datasets to archive: results\Flooding_1786434851
[13:24:11]  -> Synced cyber_data.csv
[13:24:11]  -> Synced physical_data.csv
[13:24:11] Dataset synchronization complete. 2 files archived.
[13:24:11] [FloodingExperiment] Lifecycle complete.
[13:24:12] =====================================================
[13:24:12]  Starting Cybersecurity Experiment Framework 
[13:24:12] =====================================================
[13:24:12] Preparing to execute SlowDoS Experiment...
[13:24:12] [SlowDoSExperiment] Initializing...
[13:24:12] [SlowDoSExperiment] Experiment initialized.
[13:24:12] [SlowDoSExperiment] Injecting Attack Label to Edge Node IPC...
[13:24:12] IPC Label successfully set to: 'SlowDoSExperiment'
[13:24:12] [SlowDoSExperiment] Running experiment logic...
[13:24:12] [SlowDoSExperiment] Experiment started.
[13:24:12] [SlowDoSExperiment] Experiment completed.
[13:24:12] [SlowDoSExperiment] Reverting Attack Label to 'Normal'...
[13:24:12] IPC Label successfully set to: 'Normal'
[13:24:12] [SlowDoSExperiment] Cleaning up...
[13:24:12] [SlowDoSExperiment] Experiment cleaned up.
[13:24:12] [SlowDoSExperiment] Synchronizing Datasets...
[13:24:12] Syncing datasets to archive: results\SlowDoS_1786434852
[13:24:12]  -> Synced cyber_data.csv
[13:24:12]  -> Synced physical_data.csv
[13:24:12] Dataset synchronization complete. 2 files archived.
[13:24:12] [SlowDoSExperiment] Lifecycle complete.
[13:24:12] =====================================================
[13:24:12]  Starting Cybersecurity Experiment Framework 
[13:24:12] =====================================================
[13:24:12] Preparing to execute PacketInjection Experiment...
[13:24:12] [PacketInjectionExperiment] Initializing...
[13:24:12] [PacketInjectionExperiment] Experiment initialized.
[13:24:12] [PacketInjectionExperiment] Injecting Attack Label to Edge Node IPC...
[13:24:12] IPC Label successfully set to: 'PacketInjectionExperiment'
[13:24:12] [PacketInjectionExperiment] Running experiment logic...
[13:24:12] [PacketInjectionExperiment] Experiment started.
[13:24:12] [PacketInjectionExperiment] Experiment completed.
[13:24:12] [PacketInjectionExperiment] Reverting Attack Label to 'Normal'...
[13:24:12] IPC Label successfully set to: 'Normal'
[13:24:12] [PacketInjectionExperiment] Cleaning up...
[13:24:12] [PacketInjectionExperiment] Experiment cleaned up.
[13:24:12] [PacketInjectionExperiment] Synchronizing Datasets...
[13:24:12] Syncing datasets to archive: results\PacketInjection_1786434852
[13:24:12]  -> Synced cyber_data.csv
[13:24:12]  -> Synced physical_data.csv
[13:24:12] Dataset synchronization complete. 2 files archived.
[13:24:12] [PacketInjectionExperiment] Lifecycle complete.
[13:24:12] =====================================================
[13:24:12]  Starting Cybersecurity Experiment Framework 
[13:24:12] =====================================================
[13:24:12] Preparing to execute PacketLoss Experiment...
[13:24:12] [PacketLossExperiment] Initializing...
[13:24:12] [PacketLossExperiment] Experiment initialized.
[13:24:12] [PacketLossExperiment] Injecting Attack Label to Edge Node IPC...
[13:24:12] IPC Label successfully set to: 'PacketLossExperiment'
[13:24:12] [PacketLossExperiment] Running experiment logic...
[13:24:12] [PacketLossExperiment] Experiment started.
[13:24:12] [PacketLossExperiment] Experiment completed.
[13:24:12] [PacketLossExperiment] Reverting Attack Label to 'Normal'...
[13:24:12] IPC Label successfully set to: 'Normal'
[13:24:12] [PacketLossExperiment] Cleaning up...
[13:24:12] [PacketLossExperiment] Experiment cleaned up.
[13:24:12] [PacketLossExperiment] Synchronizing Datasets...
[13:24:12] Syncing datasets to archive: results\PacketLoss_1786434852
[13:24:12]  -> Synced cyber_data.csv
[13:24:12]  -> Synced physical_data.csv
[13:24:12] Dataset synchronization complete. 2 files archived.
[13:24:12] [PacketLossExperiment] Lifecycle complete.
[13:24:13] =====================================================
[13:24:13]  Starting Cybersecurity Experiment Framework 
[13:24:13] =====================================================
[13:24:13] Preparing to execute DuplicatePacket Experiment...
[13:24:13] [DuplicatePacketExperiment] Initializing...
[13:24:13] [DuplicatePacketExperiment] Experiment initialized.
[13:24:13] [DuplicatePacketExperiment] Injecting Attack Label to Edge Node IPC...
[13:24:13] IPC Label successfully set to: 'DuplicatePacketExperiment'
[13:24:13] [DuplicatePacketExperiment] Running experiment logic...
[13:24:13] [DuplicatePacketExperiment] Experiment started.
[13:24:13] [DuplicatePacketExperiment] Experiment completed.
[13:24:13] [DuplicatePacketExperiment] Reverting Attack Label to 'Normal'...
[13:24:13] IPC Label successfully set to: 'Normal'
[13:24:13] [DuplicatePacketExperiment] Cleaning up...
[13:24:13] [DuplicatePacketExperiment] Experiment cleaned up.
[13:24:13] [DuplicatePacketExperiment] Synchronizing Datasets...
[13:24:13] Syncing datasets to archive: results\DuplicatePacket_1786434853
[13:24:13]  -> Synced cyber_data.csv
[13:24:13]  -> Synced physical_data.csv
[13:24:13] Dataset synchronization complete. 2 files archived.
[13:24:13] [DuplicatePacketExperiment] Lifecycle complete.
[13:24:13] =====================================================
[13:24:13]  Starting Cybersecurity Experiment Framework 
[13:24:13] =====================================================
[13:24:13] Preparing to execute Delay Experiment...
[13:24:13] [DelayExperiment] Initializing...
[13:24:13] [DelayExperiment] Experiment initialized.
[13:24:13] [DelayExperiment] Injecting Attack Label to Edge Node IPC...
[13:24:13] IPC Label successfully set to: 'DelayExperiment'
[13:24:13] [DelayExperiment] Running experiment logic...
[13:24:13] [DelayExperiment] Experiment started.
[13:24:13] [DelayExperiment] Experiment completed.
[13:24:13] [DelayExperiment] Reverting Attack Label to 'Normal'...
[13:24:13] IPC Label successfully set to: 'Normal'
[13:24:13] [DelayExperiment] Cleaning up...
[13:24:13] [DelayExperiment] Experiment cleaned up.
[13:24:13] [DelayExperiment] Synchronizing Datasets...
[13:24:13] Syncing datasets to archive: results\Delay_1786434853
[13:24:13]  -> Synced cyber_data.csv
[13:24:13]  -> Synced physical_data.csv
[13:24:13] Dataset synchronization complete. 2 files archived.
[13:24:13] [DelayExperiment] Lifecycle complete.
[13:24:13] =====================================================
[13:24:13]  Starting Cybersecurity Experiment Framework 
[13:24:13] =====================================================
[13:24:13] Preparing to execute ConnectionReset Experiment...
[13:24:13] [ConnectionResetExperiment] Initializing...
[13:24:13] [ConnectionResetExperiment] Experiment initialized.
[13:24:13] [ConnectionResetExperiment] Injecting Attack Label to Edge Node IPC...
[13:24:13] IPC Label successfully set to: 'ConnectionResetExperiment'
[13:24:13] [ConnectionResetExperiment] Running experiment logic...
[13:24:13] [ConnectionResetExperiment] Experiment started.
[13:24:13] [ConnectionResetExperiment] Experiment completed.
[13:24:13] [ConnectionResetExperiment] Reverting Attack Label to 'Normal'...
[13:24:13] IPC Label successfully set to: 'Normal'
[13:24:13] [ConnectionResetExperiment] Cleaning up...
[13:24:13] [ConnectionResetExperiment] Experiment cleaned up.
[13:24:13] [ConnectionResetExperiment] Synchronizing Datasets...
[13:24:13] Syncing datasets to archive: results\ConnectionReset_1786434853
[13:24:13]  -> Synced cyber_data.csv
[13:24:13]  -> Synced physical_data.csv
[13:24:13] Dataset synchronization complete. 2 files archived.
[13:24:13] [ConnectionResetExperiment] Lifecycle complete.
[13:24:14] =====================================================
[13:24:14]  Starting Cybersecurity Experiment Framework 
[13:24:14] =====================================================
[13:24:14] Preparing to execute DeviceSpoof Experiment...
[13:24:14] [DeviceSpoofExperiment] Initializing...
[13:24:14] [DeviceSpoofExperiment] Experiment initialized.
[13:24:14] [DeviceSpoofExperiment] Injecting Attack Label to Edge Node IPC...
[13:24:14] IPC Label successfully set to: 'DeviceSpoofExperiment'
[13:24:14] [DeviceSpoofExperiment] Running experiment logic...
[13:24:14] [DeviceSpoofExperiment] Experiment started.
[13:24:14] [DeviceSpoofExperiment] Experiment completed.
[13:24:14] [DeviceSpoofExperiment] Reverting Attack Label to 'Normal'...
[13:24:14] IPC Label successfully set to: 'Normal'
[13:24:14] [DeviceSpoofExperiment] Cleaning up...
[13:24:14] [DeviceSpoofExperiment] Experiment cleaned up.
[13:24:14] [DeviceSpoofExperiment] Synchronizing Datasets...
[13:24:14] Syncing datasets to archive: results\DeviceSpoof_1786434854
[13:24:14]  -> Synced cyber_data.csv
[13:24:14]  -> Synced physical_data.csv
[13:24:14] Dataset synchronization complete. 2 files archived.
[13:24:14] [DeviceSpoofExperiment] Lifecycle complete.
[13:24:14] =====================================================
[13:24:14]  Starting Cybersecurity Experiment Framework 
[13:24:14] =====================================================
[13:24:14] Preparing to execute DataTampering Experiment...
[13:24:14] [DataTamperingExperiment] Initializing...
[13:24:14] [DataTamperingExperiment] Experiment initialized.
[13:24:14] [DataTamperingExperiment] Injecting Attack Label to Edge Node IPC...
[13:24:14] IPC Label successfully set to: 'DataTamperingExperiment'
[13:24:14] [DataTamperingExperiment] Running experiment logic...
[13:24:14] [DataTamperingExperiment] Experiment started.
[13:24:14] [DataTamperingExperiment] Experiment completed.
[13:24:14] [DataTamperingExperiment] Reverting Attack Label to 'Normal'...
[13:24:14] IPC Label successfully set to: 'Normal'
[13:24:14] [DataTamperingExperiment] Cleaning up...
[13:24:14] [DataTamperingExperiment] Experiment cleaned up.
[13:24:14] [DataTamperingExperiment] Synchronizing Datasets...
[13:24:14] Syncing datasets to archive: results\DataTampering_1786434854
[13:24:14]  -> Synced cyber_data.csv
[13:24:14]  -> Synced physical_data.csv
[13:24:14] Dataset synchronization complete. 2 files archived.
[13:24:14] [DataTamperingExperiment] Lifecycle complete.
